16:34:16 **** Incremental Build of configuration Debug for project led7 ****
make -j8 all 
arm-none-eabi-g++ "../Core/Src/main.cpp" -mcpu=cortex-m3 -std=gnu++14 -g3 -DDEBUG -DUSE_HAL_DRIVER -DSTM32F103xB -c -I../Core/Inc -I../Drivers/STM32F1xx_HAL_Driver/Inc/Legacy -I../Drivers/STM32F1xx_HAL_Driver/Inc -I../Drivers/CMSIS/Device/ST/STM32F1xx/Include -I../Drivers/CMSIS/Include -O0 -ffunction-sections -fdata-sections -fno-exceptions -fno-rtti -fno-use-cxa-atexit -Wall -fstack-usage -fcyclomatic-complexity -MMD -MP -MF"Core/Src/main.d" -MT"Core/Src/main.o" --specs=nano.specs -mfloat-abi=soft -mthumb -o "Core/Src/main.o"
arm-none-eabi-g++ -o "led7.elf" @"objects.list"   -mcpu=cortex-m3 -T"C:\Users\datzi\OneDrive\Máy tính\led7doan\led7\STM32F103C8TX_FLASH.ld" --specs=nosys.specs -Wl,-Map="led7.map" -Wl,--gc-sections -static --specs=nano.specs -mfloat-abi=soft -mthumb -Wl,--start-group -lc -lm -lstdc++ -lsupc++ -Wl,--end-group
Finished building target: led7.elf
 
arm-none-eabi-size  led7.elf 
arm-none-eabi-objdump -h -S led7.elf  > "led7.list"
arm-none-eabi-objcopy  -O ihex led7.elf  "led7.hex"
arm-none-eabi-objcopy  -O binary led7.elf  "led7.bin"
   text	   data	    bss	    dec	    hex	filename
   5120	     12	   1588	   6720	   1a40	led7.elf
Finished building: default.size.stdout
 
Finished building: led7.hex
Finished building: led7.bin
 
 
Finished building: led7.list
 
